// Jest Snapshot v1, https://goo.gl/fbAQLP

exports[`Sign Up Page should have a link to login page 1`] = `
<div
  aria-label="Login Link"
>
  <p>
    Already have an account?
  </p>
  <button
    aria-label="Link to Login"
    class="btn btn--text"
    type="button"
  >
    Login!
  </button>
</div>
`;

exports[`Sign Up Page should have banner section 1`] = `
<div
  aria-label="Banner"
  class="banner"
>
  <div
    style="display: block; overflow: hidden; position: absolute; top: 0px; left: 0px; bottom: 0px; right: 0px; box-sizing: border-box; margin: 0px;"
  >
    <noscript />
    <img
      alt="Logo"
      decoding="async"
      src="data:image/gif;base64,R0lGODlhAQABAIAAAAAAAP///yH5BAEAAAAALAAAAAABAAEAAAIBRAA7"
      style="position: absolute; top: 0px; left: 0px; bottom: 0px; right: 0px; box-sizing: border-box; padding: 0px; margin: auto; display: block; width: 0px; height: 0px; min-width: 100%; max-width: 100%; min-height: 100%; max-height: 100%;"
    />
  </div>
  <h1
    aria-label="Banner Header 1"
    class="banner__header-1"
  >
    Start 
    <br />
     from Scratch!
  </h1>
  <h1
    aria-label="Banner Header 2"
    class="banner__header-2"
  >
    Start from Scratch!
  </h1>
  <div
    style="display: block; overflow: hidden; position: absolute; top: 0px; left: 0px; bottom: 0px; right: 0px; box-sizing: border-box; margin: 0px;"
  >
    <noscript />
    <img
      alt="Banner Image"
      decoding="async"
      src="data:image/gif;base64,R0lGODlhAQABAIAAAAAAAP///yH5BAEAAAAALAAAAAABAAEAAAIBRAA7"
      style="position: absolute; top: 0px; left: 0px; bottom: 0px; right: 0px; box-sizing: border-box; padding: 0px; margin: auto; display: block; width: 0px; height: 0px; min-width: 100%; max-width: 100%; min-height: 100%; max-height: 100%;"
    />
  </div>
</div>
`;

exports[`Sign Up Page should have login form 1`] = `
<form
  aria-label="Sign Up Form"
>
  <div
    class="container"
  >
    <div
      class="container__content"
    >
      <label
        for="username"
      >
        Username
      </label>
    </div>
    <input
      aria-label="Username input"
      name="username"
      type="text"
      value=""
    />
    <p
      aria-label="Username error message"
    />
  </div>
  <div
    class="container"
  >
    <div
      class="container__content"
    >
      <label
        for="name"
      >
        Name
      </label>
    </div>
    <input
      aria-label="Name input"
      name="name"
      type="text"
      value=""
    />
    <p
      aria-label="Name error message"
    />
  </div>
  <div
    class="container"
  >
    <div
      class="container__content"
    >
      <label
        for="password"
      >
        Password
      </label>
    </div>
    <input
      aria-label="Password input"
      name="password"
      type="password"
      value=""
    />
    <p
      aria-label="Password error message"
    />
  </div>
  <div
    class="container"
  >
    <div
      class="container__content"
    >
      <label
        for="confirm password"
      >
        Confirm Password
      </label>
    </div>
    <input
      aria-label="Confirm Password input"
      name="confirm password"
      type="password"
      value=""
    />
    <p
      aria-label="Confirm Password error message"
    />
  </div>
  <button
    class="btn btn--solid"
    type="submit"
  >
    Sign Up
  </button>
</form>
`;

exports[`Sign Up Page should show errors for submitting form with empty inputs 1`] = `
<button
  class="btn btn--solid"
  type="submit"
>
  Sign Up
</button>
`;
